// Jest Snapshot v1, https://goo.gl/fbAQLP

exports[`@memento/react initial render as expected 1`] = `"Foo"`;
